M5-FITS/processed/v1/data_train_WI_1_HOUSEHOLD_2.csv
,d,sales,tm_w_end,tm_dw,tm_wm,tm_m,tm_w,sell_price,snap_count,is_event,date
1440,1441,70.0,0,3,2,1,2,5.7475586,2,0,2015-01-08
1441,1442,130.0,0,4,2,1,2,5.7475586,3,0,2015-01-09
1442,1443,242.0,1,5,2,1,2,5.741124,1,0,2015-01-10
1443,1444,156.0,1,6,2,1,2,5.741124,2,0,2015-01-11
1444,1445,156.0,0,0,2,1,3,5.741124,2,0,2015-01-12
1445,1446,110.0,0,1,2,1,3,5.741124,1,0,2015-01-13
1446,1447,150.0,0,2,2,1,3,5.741124,1,0,2015-01-14
1447,1448,130.0,0,3,3,1,3,5.741124,2,0,2015-01-15
1448,1449,164.0,0,4,3,1,3,5.741124,0,0,2015-01-16
1449,1450,239.0,1,5,3,1,3,5.7453923,0,0,2015-01-17
1450,1451,162.0,1,6,3,1,3,5.7453923,0,0,2015-01-18
1451,1452,165.0,0,0,3,1,4,5.7453923,0,1,2015-01-19
1452,1453,134.0,0,1,3,1,4,5.7453923,0,0,2015-01-20
1453,1454,98.0,0,2,3,1,4,5.7453923,0,0,2015-01-21
1454,1455,139.0,0,3,4,1,4,5.7453923,0,0,2015-01-22
1455,1456,128.0,0,4,4,1,4,5.7453923,0,0,2015-01-23
1456,1457,252.0,1,5,4,1,4,5.750156,0,0,2015-01-24
1457,1458,184.0,1,6,4,1,4,5.750156,0,0,2015-01-25
1458,1459,108.0,0,0,4,1,5,5.750156,0,0,2015-01-26
1459,1460,111.0,0,1,4,1,5,5.750156,0,0,2015-01-27
1460,1461,130.0,0,2,4,1,5,5.750156,0,0,2015-01-28
1461,1462,144.0,0,3,5,1,5,5.750156,0,0,2015-01-29
1462,1463,176.0,0,4,5,1,5,5.750156,0,0,2015-01-30
1463,1464,271.0,1,5,5,1,5,5.7503843,0,0,2015-01-31
1464,1465,48.0,1,6,1,2,5,5.7503843,2,1,2015-02-01
1465,1466,118.0,0,0,1,2,6,5.7503843,2,0,2015-02-02
1466,1467,110.0,0,1,1,2,6,5.7503843,3,0,2015-02-03
1467,1468,135.0,0,2,1,2,6,5.7503843,1,0,2015-02-04
1468,1469,169.0,0,3,1,2,6,5.7503843,3,0,2015-02-05
1469,1470,158.0,0,4,1,2,6,5.7503843,3,0,2015-02-06
1470,1471,255.0,1,5,1,2,6,5.7399325,2,0,2015-02-07
1471,1472,207.0,1,6,2,2,6,5.7399325,2,0,2015-02-08
1472,1473,137.0,0,0,2,2,7,5.7399325,3,0,2015-02-09
1473,1474,152.0,0,1,2,2,7,5.7399325,1,0,2015-02-10
1474,1475,163.0,0,2,2,2,7,5.7399325,2,0,2015-02-11
1475,1476,139.0,0,3,2,2,7,5.7399325,2,0,2015-02-12
1476,1477,156.0,0,4,2,2,7,5.7399325,1,0,2015-02-13
1477,1478,206.0,1,5,2,2,7,5.747872,1,1,2015-02-14
1478,1479,211.0,1,6,3,2,7,5.747872,2,0,2015-02-15
1479,1480,159.0,0,0,3,2,8,5.747872,0,1,2015-02-16
1480,1481,125.0,0,1,3,2,8,5.747872,0,0,2015-02-17
1481,1482,133.0,0,2,3,2,8,5.747872,0,1,2015-02-18
1482,1483,135.0,0,3,3,2,8,5.747872,0,0,2015-02-19
1483,1484,162.0,0,4,3,2,8,5.747872,0,0,2015-02-20
1484,1485,273.0,1,5,3,2,8,5.743447,0,0,2015-02-21
1485,1486,230.0,1,6,4,2,8,5.743447,0,0,2015-02-22
1486,1487,154.0,0,0,4,2,9,5.743447,0,0,2015-02-23
1487,1488,137.0,0,1,4,2,9,5.743447,0,0,2015-02-24
1488,1489,143.0,0,2,4,2,9,5.743447,0,1,2015-02-25
1489,1490,172.0,0,3,4,2,9,5.743447,0,0,2015-02-26
1490,1491,188.0,0,4,4,2,9,5.743447,0,0,2015-02-27
1491,1492,277.0,1,5,4,2,9,5.740912,0,0,2015-02-28
1492,1493,235.0,1,6,1,3,9,5.740912,2,0,2015-03-01
1493,1494,191.0,0,0,1,3,10,5.740912,2,0,2015-03-02
1494,1495,110.0,0,1,1,3,10,5.740912,3,0,2015-03-03
1495,1496,180.0,0,2,1,3,10,5.740912,1,0,2015-03-04
1496,1497,148.0,0,3,1,3,10,5.740912,3,1,2015-03-05
1497,1498,208.0,0,4,1,3,10,5.740912,3,0,2015-03-06
1498,1499,271.0,1,5,1,3,10,5.744049,2,0,2015-03-07
1499,1500,236.0,1,6,2,3,10,5.744049,2,0,2015-03-08
1500,1501,160.0,0,0,2,3,11,5.744049,3,0,2015-03-09
1501,1502,97.0,0,1,2,3,11,5.744049,1,0,2015-03-10
1502,1503,125.0,0,2,2,3,11,5.744049,2,0,2015-03-11
1503,1504,131.0,0,3,2,3,11,5.744049,2,0,2015-03-12
1504,1505,169.0,0,4,2,3,11,5.744049,1,0,2015-03-13
1505,1506,260.0,1,5,2,3,11,5.749113,1,0,2015-03-14
1506,1507,230.0,1,6,3,3,11,5.749113,2,0,2015-03-15
1507,1508,125.0,0,0,3,3,12,5.749113,0,0,2015-03-16
1508,1509,116.0,0,1,3,3,12,5.749113,0,1,2015-03-17
1509,1510,146.0,0,2,3,3,12,5.749113,0,0,2015-03-18
1510,1511,126.0,0,3,3,3,12,5.749113,0,0,2015-03-19
1511,1512,163.0,0,4,3,3,12,5.749113,0,0,2015-03-20
1512,1513,245.0,1,5,3,3,12,5.7501106,0,0,2015-03-21
1513,1514,223.0,1,6,4,3,12,5.7501106,0,0,2015-03-22
1514,1515,149.0,0,0,4,3,13,5.7501106,0,0,2015-03-23
1515,1516,134.0,0,1,4,3,13,5.7501106,0,0,2015-03-24
1516,1517,147.0,0,2,4,3,13,5.7501106,0,0,2015-03-25
1517,1518,120.0,0,3,4,3,13,5.7501106,0,0,2015-03-26
1518,1519,162.0,0,4,4,3,13,5.7501106,0,0,2015-03-27
1519,1520,280.0,1,5,4,3,13,5.7516828,0,0,2015-03-28
1520,1521,196.0,1,6,5,3,13,5.7516828,0,0,2015-03-29
1521,1522,131.0,0,0,5,3,14,5.7516828,0,0,2015-03-30
1522,1523,162.0,0,1,5,3,14,5.7516828,0,0,2015-03-31
1523,1524,149.0,0,2,1,4,14,5.7516828,2,0,2015-04-01
1524,1525,132.0,0,3,1,4,14,5.7516828,2,0,2015-04-02
1525,1526,180.0,0,4,1,4,14,5.7516828,3,0,2015-04-03
1526,1527,254.0,1,5,1,4,14,5.763174,1,0,2015-04-04
1527,1528,148.0,1,6,1,4,14,5.763174,3,1,2015-04-05
1528,1529,109.0,0,0,1,4,15,5.763174,3,0,2015-04-06
1529,1530,135.0,0,1,1,4,15,5.763174,2,0,2015-04-07
1530,1531,135.0,0,2,2,4,15,5.763174,2,0,2015-04-08
1531,1532,119.0,0,3,2,4,15,5.763174,3,0,2015-04-09
1532,1533,200.0,0,4,2,4,15,5.763174,1,0,2015-04-10
1533,1534,242.0,1,5,2,4,15,5.7674494,2,1,2015-04-11
1534,1535,206.0,1,6,2,4,15,5.7674494,2,1,2015-04-12
1535,1536,147.0,0,0,2,4,16,5.7674494,1,0,2015-04-13
1536,1537,134.0,0,1,2,4,16,5.7674494,1,0,2015-04-14
1537,1538,141.0,0,2,3,4,16,5.7674494,2,0,2015-04-15
1538,1539,117.0,0,3,3,4,16,5.7674494,0,0,2015-04-16
1539,1540,169.0,0,4,3,4,16,5.7674494,0,0,2015-04-17
1540,1541,222.0,1,5,3,4,16,5.7674494,0,0,2015-04-18
1541,1542,203.0,1,6,3,4,16,5.7674494,0,0,2015-04-19
1542,1543,178.0,0,0,3,4,17,5.7674494,0,0,2015-04-20
1543,1544,112.0,0,1,3,4,17,5.7674494,0,0,2015-04-21
1544,1545,127.0,0,2,4,4,17,5.7674494,0,0,2015-04-22
1545,1546,149.0,0,3,4,4,17,5.7674494,0,0,2015-04-23
1546,1547,131.0,0,4,4,4,17,5.7674494,0,0,2015-04-24
1547,1548,222.0,1,5,4,4,17,5.7670245,0,0,2015-04-25
1548,1549,195.0,1,6,4,4,17,5.7670245,0,0,2015-04-26
1549,1550,134.0,0,0,4,4,18,5.7670245,0,0,2015-04-27
1550,1551,140.0,0,1,4,4,18,5.7670245,0,0,2015-04-28
1551,1552,98.0,0,2,5,4,18,5.7670245,0,0,2015-04-29
1552,1553,127.0,0,3,5,4,18,5.7670245,0,0,2015-04-30
1553,1554,159.0,0,4,1,5,18,5.7670245,2,0,2015-05-01
1554,1555,186.0,1,5,1,5,18,5.7626166,2,0,2015-05-02
1555,1556,190.0,1,6,1,5,18,5.7626166,3,0,2015-05-03
1556,1557,144.0,0,0,1,5,19,5.7626166,1,0,2015-05-04
1557,1558,114.0,0,1,1,5,19,5.7626166,3,1,2015-05-05
1558,1559,152.0,0,2,1,5,19,5.7626166,3,0,2015-05-06
1559,1560,144.0,0,3,1,5,19,5.7626166,2,0,2015-05-07
1560,1561,197.0,0,4,2,5,19,5.7626166,2,0,2015-05-08
1561,1562,257.0,1,5,2,5,19,5.7662506,3,0,2015-05-09
1562,1563,137.0,1,6,2,5,19,5.7662506,1,1,2015-05-10
1563,1564,125.0,0,0,2,5,20,5.7662506,2,0,2015-05-11
1564,1565,117.0,0,1,2,5,20,5.7662506,2,0,2015-05-12
1565,1566,135.0,0,2,2,5,20,5.7662506,1,0,2015-05-13
1566,1567,151.0,0,3,2,5,20,5.7662506,1,0,2015-05-14
1567,1568,153.0,0,4,3,5,20,5.7662506,2,0,2015-05-15
1568,1569,174.0,1,5,3,5,20,5.7640967,0,0,2015-05-16
1569,1570,201.0,1,6,3,5,20,5.7640967,0,0,2015-05-17
1570,1571,129.0,0,0,3,5,21,5.7640967,0,0,2015-05-18
1571,1572,133.0,0,1,3,5,21,5.7640967,0,0,2015-05-19
1572,1573,135.0,0,2,3,5,21,5.7640967,0,0,2015-05-20
1573,1574,142.0,0,3,3,5,21,5.7640967,0,0,2015-05-21
1574,1575,175.0,0,4,4,5,21,5.7640967,0,0,2015-05-22
1575,1576,142.0,1,5,4,5,21,5.7557836,0,0,2015-05-23
1576,1577,162.0,1,6,4,5,21,5.7557836,0,0,2015-05-24
1577,1578,157.0,0,0,4,5,22,5.7557836,0,1,2015-05-25
1578,1579,116.0,0,1,4,5,22,5.7557836,0,0,2015-05-26
1579,1580,134.0,0,2,4,5,22,5.7557836,0,0,2015-05-27
1580,1581,136.0,0,3,4,5,22,5.7557836,0,0,2015-05-28
1581,1582,182.0,0,4,5,5,22,5.7557836,0,0,2015-05-29
1582,1583,216.0,1,5,5,5,22,5.7640967,0,0,2015-05-30
1583,1584,199.0,1,6,5,5,22,5.7640967,0,0,2015-05-31
1584,1585,155.0,0,0,1,6,23,5.7640967,2,0,2015-06-01
1585,1586,165.0,0,1,1,6,23,5.7640967,2,0,2015-06-02
1586,1587,152.0,0,2,1,6,23,5.7640967,3,0,2015-06-03
1587,1588,175.0,0,3,1,6,23,5.7640967,1,1,2015-06-04
1588,1589,172.0,0,4,1,6,23,5.7640967,3,0,2015-06-05
1589,1590,203.0,1,5,1,6,23,5.7679954,3,0,2015-06-06
1590,1591,179.0,1,6,1,6,23,5.7679954,2,0,2015-06-07
1591,1592,120.0,0,0,2,6,24,5.7679954,2,0,2015-06-08
1592,1593,163.0,0,1,2,6,24,5.7679954,3,0,2015-06-09
1593,1594,149.0,0,2,2,6,24,5.7679954,1,0,2015-06-10
1594,1595,143.0,0,3,2,6,24,5.7679954,2,0,2015-06-11
1595,1596,146.0,0,4,2,6,24,5.7679954,2,0,2015-06-12
1596,1597,188.0,1,5,2,6,24,5.7730846,1,0,2015-06-13
1597,1598,181.0,1,6,2,6,24,5.7730846,1,0,2015-06-14
1598,1599,148.0,0,0,3,6,25,5.7730846,2,0,2015-06-15
1599,1600,104.0,0,1,3,6,25,5.7730846,0,1,2015-06-16
1600,1601,136.0,0,2,3,6,25,5.7730846,0,0,2015-06-17
1601,1602,150.0,0,3,3,6,25,5.7730846,0,1,2015-06-18
1602,1603,199.0,0,4,3,6,25,5.7730846,0,0,2015-06-19
1603,1604,186.0,1,5,3,6,25,5.78403,0,0,2015-06-20
1604,1605,187.0,1,6,3,6,25,5.78403,0,1,2015-06-21
1605,1606,105.0,0,0,4,6,26,5.78403,0,0,2015-06-22
1606,1607,157.0,0,1,4,6,26,5.78403,0,0,2015-06-23
1607,1608,125.0,0,2,4,6,26,5.78403,0,0,2015-06-24
1608,1609,152.0,0,3,4,6,26,5.78403,0,0,2015-06-25
1609,1610,160.0,0,4,4,6,26,5.78403,0,0,2015-06-26
1610,1611,175.0,1,5,4,6,26,5.790181,0,0,2015-06-27
1611,1612,203.0,1,6,4,6,26,5.790181,0,0,2015-06-28
1612,1613,149.0,0,0,5,6,27,5.790181,0,0,2015-06-29
1613,1614,161.0,0,1,5,6,27,5.790181,0,0,2015-06-30
1614,1615,145.0,0,2,1,7,27,5.790181,2,0,2015-07-01
1615,1616,180.0,0,3,1,7,27,5.790181,2,0,2015-07-02
1616,1617,256.0,0,4,1,7,27,5.790181,3,0,2015-07-03
1617,1618,129.0,1,5,1,7,27,5.790181,1,1,2015-07-04
1618,1619,202.0,1,6,1,7,27,5.790181,3,0,2015-07-05
1619,1620,147.0,0,0,1,7,28,5.790181,3,0,2015-07-06
1620,1621,172.0,0,1,1,7,28,5.790181,2,0,2015-07-07
1621,1622,162.0,0,2,2,7,28,5.790181,2,0,2015-07-08
1622,1623,188.0,0,3,2,7,28,5.790181,3,0,2015-07-09
1623,1624,160.0,0,4,2,7,28,5.790181,1,0,2015-07-10
1624,1625,209.0,1,5,2,7,28,5.789286,2,0,2015-07-11
1625,1626,168.0,1,6,2,7,28,5.789286,2,0,2015-07-12
1626,1627,131.0,0,0,2,7,29,5.789286,1,0,2015-07-13
1627,1628,154.0,0,1,2,7,29,5.789286,1,0,2015-07-14
1628,1629,138.0,0,2,3,7,29,5.789286,2,0,2015-07-15
1629,1630,150.0,0,3,3,7,29,5.789286,0,0,2015-07-16
1630,1631,227.0,0,4,3,7,29,5.789286,0,0,2015-07-17
1631,1632,151.0,1,5,3,7,29,5.786078,0,1,2015-07-18
1632,1633,177.0,1,6,3,7,29,5.786078,0,0,2015-07-19
1633,1634,143.0,0,0,3,7,30,5.786078,0,0,2015-07-20
1634,1635,151.0,0,1,3,7,30,5.786078,0,0,2015-07-21
1635,1636,163.0,0,2,4,7,30,5.786078,0,0,2015-07-22
1636,1637,111.0,0,3,4,7,30,5.786078,0,0,2015-07-23
1637,1638,165.0,0,4,4,7,30,5.786078,0,0,2015-07-24
1638,1639,176.0,1,5,4,7,30,5.791228,0,0,2015-07-25
1639,1640,184.0,1,6,4,7,30,5.791228,0,0,2015-07-26
1640,1641,141.0,0,0,4,7,31,5.791228,0,0,2015-07-27
1641,1642,166.0,0,1,4,7,31,5.791228,0,0,2015-07-28
1642,1643,115.0,0,2,5,7,31,5.791228,0,0,2015-07-29
1643,1644,134.0,0,3,5,7,31,5.791228,0,0,2015-07-30
1644,1645,204.0,0,4,5,7,31,5.791228,0,0,2015-07-31
1645,1646,225.0,1,5,1,8,31,5.791228,2,0,2015-08-01
1646,1647,212.0,1,6,1,8,31,5.791228,2,0,2015-08-02
1647,1648,157.0,0,0,1,8,32,5.791228,3,0,2015-08-03
1648,1649,152.0,0,1,1,8,32,5.791228,1,0,2015-08-04
1649,1650,132.0,0,2,1,8,32,5.791228,3,0,2015-08-05
1650,1651,158.0,0,3,1,8,32,5.791228,3,0,2015-08-06
1651,1652,174.0,0,4,1,8,32,5.791228,2,0,2015-08-07
1652,1653,149.0,1,5,2,8,32,5.791228,2,0,2015-08-08
1653,1654,159.0,1,6,2,8,32,5.791228,3,0,2015-08-09
1654,1655,122.0,0,0,2,8,33,5.791228,1,0,2015-08-10
1655,1656,151.0,0,1,2,8,33,5.791228,2,0,2015-08-11
1656,1657,131.0,0,2,2,8,33,5.791228,2,0,2015-08-12
1657,1658,149.0,0,3,2,8,33,5.791228,1,0,2015-08-13
1658,1659,148.0,0,4,2,8,33,5.791228,1,0,2015-08-14
1659,1660,173.0,1,5,3,8,33,5.791175,2,0,2015-08-15
1660,1661,192.0,1,6,3,8,33,5.791175,0,0,2015-08-16
1661,1662,139.0,0,0,3,8,34,5.791175,0,0,2015-08-17
1662,1663,126.0,0,1,3,8,34,5.791175,0,0,2015-08-18
1663,1664,157.0,0,2,3,8,34,5.791175,0,0,2015-08-19
1664,1665,122.0,0,3,3,8,34,5.791175,0,0,2015-08-20
1665,1666,157.0,0,4,3,8,34,5.791175,0,0,2015-08-21
1666,1667,203.0,1,5,4,8,34,5.7921457,0,0,2015-08-22
1667,1668,184.0,1,6,4,8,34,5.7921457,0,0,2015-08-23
1668,1669,147.0,0,0,4,8,35,5.7921457,0,0,2015-08-24
1669,1670,158.0,0,1,4,8,35,5.7921457,0,0,2015-08-25
1670,1671,152.0,0,2,4,8,35,5.7921457,0,0,2015-08-26
1671,1672,144.0,0,3,4,8,35,5.7921457,0,0,2015-08-27
1672,1673,195.0,0,4,4,8,35,5.7921457,0,0,2015-08-28
1673,1674,182.0,1,5,5,8,35,5.79122,0,0,2015-08-29
1674,1675,213.0,1,6,5,8,35,5.79122,0,0,2015-08-30
1675,1676,146.0,0,0,5,8,36,5.79122,0,0,2015-08-31
1676,1677,172.0,0,1,1,9,36,5.79122,2,0,2015-09-01
1677,1678,145.0,0,2,1,9,36,5.79122,2,0,2015-09-02
1678,1679,104.0,0,3,1,9,36,5.79122,3,0,2015-09-03
1679,1680,150.0,0,4,1,9,36,5.79122,1,0,2015-09-04
1680,1681,199.0,1,5,1,9,36,5.7898397,3,0,2015-09-05
1681,1682,138.0,1,6,1,9,36,5.7898397,3,0,2015-09-06
1682,1683,158.0,0,0,1,9,37,5.7898397,2,1,2015-09-07
1683,1684,80.0,0,1,2,9,37,5.7898397,2,0,2015-09-08
1684,1685,164.0,0,2,2,9,37,5.7898397,3,0,2015-09-09
1685,1686,142.0,0,3,2,9,37,5.7898397,1,0,2015-09-10
1686,1687,188.0,0,4,2,9,37,5.7898397,2,0,2015-09-11
1687,1688,228.0,1,5,2,9,37,5.8353043,2,0,2015-09-12
1688,1689,139.0,1,6,2,9,37,5.8353043,1,0,2015-09-13
1689,1690,119.0,0,0,2,9,38,5.8353043,1,0,2015-09-14
1690,1691,109.0,0,1,3,9,38,5.8353043,2,0,2015-09-15
1691,1692,130.0,0,2,3,9,38,5.8353043,0,0,2015-09-16
1692,1693,139.0,0,3,3,9,38,5.8353043,0,0,2015-09-17
1693,1694,142.0,0,4,3,9,38,5.8353043,0,0,2015-09-18
1694,1695,190.0,1,5,3,9,38,5.836222,0,0,2015-09-19
1695,1696,175.0,1,6,3,9,38,5.836222,0,0,2015-09-20
1696,1697,133.0,0,0,3,9,39,5.836222,0,0,2015-09-21
1697,1698,111.0,0,1,4,9,39,5.836222,0,0,2015-09-22
1698,1699,122.0,0,2,4,9,39,5.836222,0,0,2015-09-23
1699,1700,97.0,0,3,4,9,39,5.836222,0,1,2015-09-24
1700,1701,151.0,0,4,4,9,39,5.836222,0,0,2015-09-25
1701,1702,186.0,1,5,4,9,39,5.7807,0,0,2015-09-26
1702,1703,197.0,1,6,4,9,39,5.7807,0,0,2015-09-27
1703,1704,95.0,0,0,4,9,40,5.7807,0,0,2015-09-28
1704,1705,130.0,0,1,5,9,40,5.7807,0,0,2015-09-29
1705,1706,113.0,0,2,5,9,40,5.7807,0,0,2015-09-30
1706,1707,137.0,0,3,1,10,40,5.7807,2,0,2015-10-01
1707,1708,148.0,0,4,1,10,40,5.7807,2,0,2015-10-02
1708,1709,193.0,1,5,1,10,40,5.780298,3,0,2015-10-03
1709,1710,170.0,1,6,1,10,40,5.780298,1,0,2015-10-04
1710,1711,113.0,0,0,1,10,41,5.780298,3,0,2015-10-05
1711,1712,109.0,0,1,1,10,41,5.780298,3,0,2015-10-06
1712,1713,128.0,0,2,1,10,41,5.780298,2,0,2015-10-07
1713,1714,146.0,0,3,2,10,41,5.780298,2,0,2015-10-08
1714,1715,160.0,0,4,2,10,41,5.780298,3,0,2015-10-09
1715,1716,204.0,1,5,2,10,41,5.791387,1,0,2015-10-10
1716,1717,168.0,1,6,2,10,41,5.791387,2,0,2015-10-11
1717,1718,127.0,0,0,2,10,42,5.791387,2,1,2015-10-12
1718,1719,106.0,0,1,2,10,42,5.791387,1,0,2015-10-13
1719,1720,119.0,0,2,2,10,42,5.791387,1,0,2015-10-14
1720,1721,89.0,0,3,3,10,42,5.791387,2,0,2015-10-15
1721,1722,139.0,0,4,3,10,42,5.791387,0,0,2015-10-16
1722,1723,176.0,1,5,3,10,42,5.7913265,0,0,2015-10-17
1723,1724,172.0,1,6,3,10,42,5.7913265,0,0,2015-10-18
1724,1725,110.0,0,0,3,10,43,5.7913265,0,0,2015-10-19
1725,1726,119.0,0,1,3,10,43,5.7913265,0,0,2015-10-20
1726,1727,116.0,0,2,3,10,43,5.7913265,0,0,2015-10-21
1727,1728,117.0,0,3,4,10,43,5.7913265,0,0,2015-10-22
1728,1729,135.0,0,4,4,10,43,5.7913265,0,0,2015-10-23
1729,1730,231.0,1,5,4,10,43,5.7912054,0,0,2015-10-24
1730,1731,162.0,1,6,4,10,43,5.7912054,0,0,2015-10-25
1731,1732,114.0,0,0,4,10,44,5.7912054,0,0,2015-10-26
1732,1733,123.0,0,1,4,10,44,5.7912054,0,0,2015-10-27
1733,1734,94.0,0,2,4,10,44,5.7912054,0,0,2015-10-28
1734,1735,107.0,0,3,5,10,44,5.7912054,0,0,2015-10-29
1735,1736,215.0,0,4,5,10,44,5.7912054,0,0,2015-10-30
1736,1737,196.0,1,5,5,10,44,5.79119,0,1,2015-10-31
1737,1738,177.0,1,6,1,11,44,5.79119,2,0,2015-11-01
1738,1739,115.0,0,0,1,11,45,5.79119,2,0,2015-11-02
1739,1740,150.0,0,1,1,11,45,5.79119,3,0,2015-11-03
1740,1741,90.0,0,2,1,11,45,5.79119,1,0,2015-11-04
1741,1742,116.0,0,3,1,11,45,5.79119,3,0,2015-11-05
1742,1743,138.0,0,4,1,11,45,5.79119,3,0,2015-11-06
1743,1744,205.0,1,5,1,11,45,5.79119,2,0,2015-11-07
1744,1745,163.0,1,6,2,11,45,5.79119,2,0,2015-11-08
1745,1746,111.0,0,0,2,11,46,5.79119,3,0,2015-11-09
1746,1747,105.0,0,1,2,11,46,5.79119,1,0,2015-11-10
1747,1748,123.0,0,2,2,11,46,5.79119,2,1,2015-11-11
1748,1749,110.0,0,3,2,11,46,5.79119,2,0,2015-11-12
1749,1750,171.0,0,4,2,11,46,5.79119,1,0,2015-11-13
1750,1751,226.0,1,5,2,11,46,5.79119,1,0,2015-11-14
1751,1752,160.0,1,6,3,11,46,5.79119,2,0,2015-11-15
1752,1753,129.0,0,0,3,11,47,5.79119,0,0,2015-11-16
1753,1754,99.0,0,1,3,11,47,5.79119,0,0,2015-11-17
1754,1755,137.0,0,2,3,11,47,5.79119,0,0,2015-11-18
1755,1756,117.0,0,3,3,11,47,5.79119,0,0,2015-11-19
1756,1757,177.0,0,4,3,11,47,5.79119,0,0,2015-11-20
1757,1758,133.0,1,5,3,11,47,5.79119,0,0,2015-11-21
1758,1759,199.0,1,6,4,11,47,5.79119,0,0,2015-11-22
1759,1760,149.0,0,0,4,11,48,5.79119,0,0,2015-11-23
1760,1761,140.0,0,1,4,11,48,5.79119,0,0,2015-11-24
1761,1762,143.0,0,2,4,11,48,5.79119,0,0,2015-11-25
1762,1763,57.0,0,3,4,11,48,5.79119,0,1,2015-11-26
1763,1764,139.0,0,4,4,11,48,5.79119,0,0,2015-11-27
1764,1765,176.0,1,5,4,11,48,5.79119,0,0,2015-11-28
1765,1766,159.0,1,6,5,11,48,5.79119,0,0,2015-11-29
1766,1767,126.0,0,0,5,11,49,5.79119,0,0,2015-11-30
1767,1768,136.0,0,1,1,12,49,5.79119,2,0,2015-12-01
1768,1769,121.0,0,2,1,12,49,5.79119,2,0,2015-12-02
1769,1770,178.0,0,3,1,12,49,5.79119,3,0,2015-12-03
1770,1771,182.0,0,4,1,12,49,5.79119,1,0,2015-12-04
1771,1772,240.0,1,5,1,12,49,5.79119,3,0,2015-12-05
1772,1773,189.0,1,6,1,12,49,5.79119,3,0,2015-12-06
1773,1774,145.0,0,0,1,12,50,5.79119,2,0,2015-12-07
1774,1775,96.0,0,1,2,12,50,5.79119,2,0,2015-12-08
1775,1776,154.0,0,2,2,12,50,5.79119,3,0,2015-12-09
1776,1777,146.0,0,3,2,12,50,5.79119,1,0,2015-12-10
1777,1778,186.0,0,4,2,12,50,5.79119,2,0,2015-12-11
1778,1779,165.0,1,5,2,12,50,5.792161,2,0,2015-12-12
1779,1780,150.0,1,6,2,12,50,5.792161,1,0,2015-12-13
1780,1781,156.0,0,0,2,12,51,5.792161,1,1,2015-12-14
1781,1782,116.0,0,1,3,12,51,5.792161,2,0,2015-12-15
1782,1783,142.0,0,2,3,12,51,5.792161,0,0,2015-12-16
1783,1784,144.0,0,3,3,12,51,5.792161,0,0,2015-12-17
1784,1785,144.0,0,4,3,12,51,5.792161,0,0,2015-12-18
1785,1786,201.0,1,5,3,12,51,5.792161,0,0,2015-12-19
1786,1787,218.0,1,6,3,12,51,5.792161,0,0,2015-12-20
1787,1788,170.0,0,0,3,12,52,5.792161,0,0,2015-12-21
