M5-FITS/processed/v1/data_train_WI_1_HOUSEHOLD_2.csv
,d,sales,tm_w_end,tm_dw,tm_wm,tm_m,tm_w,sell_price,snap_count,is_event,date
1788,1789,163.0,0,1,4,12,52,5.792161,0,0,2015-12-22
1789,1790,179.0,0,2,4,12,52,5.792161,0,0,2015-12-23
1790,1791,120.0,0,3,4,12,52,5.792161,0,0,2015-12-24
1791,1792,1.0,0,4,4,12,52,5.792161,0,1,2015-12-25
1792,1793,142.0,1,5,4,12,52,5.7910557,0,0,2015-12-26
1793,1794,173.0,1,6,4,12,52,5.7910557,0,0,2015-12-27
1794,1795,52.0,0,0,4,12,53,5.7910557,0,0,2015-12-28
1795,1796,94.0,0,1,5,12,53,5.7910557,0,0,2015-12-29
1796,1797,122.0,0,2,5,12,53,5.7910557,0,0,2015-12-30
1797,1798,166.0,0,3,5,12,53,5.7910557,0,0,2015-12-31
1798,1799,138.0,0,4,1,1,53,5.7910557,2,1,2016-01-01
1799,1800,204.0,1,5,1,1,53,5.79218,2,0,2016-01-02
1800,1801,176.0,1,6,1,1,53,5.79218,3,0,2016-01-03
1801,1802,128.0,0,0,1,1,1,5.79218,1,0,2016-01-04
1802,1803,132.0,0,1,1,1,1,5.79218,3,0,2016-01-05
1803,1804,157.0,0,2,1,1,1,5.79218,3,0,2016-01-06
1804,1805,102.0,0,3,1,1,1,5.79218,2,1,2016-01-07
1805,1806,141.0,0,4,2,1,1,5.79218,2,0,2016-01-08
1806,1807,207.0,1,5,2,1,1,5.79218,3,0,2016-01-09
1807,1808,135.0,1,6,2,1,1,5.79218,1,0,2016-01-10
1808,1809,112.0,0,0,2,1,2,5.79218,2,0,2016-01-11
1809,1810,74.0,0,1,2,1,2,5.79218,2,0,2016-01-12
1810,1811,102.0,0,2,2,1,2,5.79218,1,0,2016-01-13
1811,1812,154.0,0,3,2,1,2,5.79218,1,0,2016-01-14
1812,1813,185.0,0,4,3,1,2,5.79218,2,0,2016-01-15
1813,1814,230.0,1,5,3,1,2,5.79218,0,0,2016-01-16
1814,1815,138.0,1,6,3,1,2,5.79218,0,0,2016-01-17
1815,1816,110.0,0,0,3,1,3,5.79218,0,1,2016-01-18
1816,1817,142.0,0,1,3,1,3,5.79218,0,0,2016-01-19
1817,1818,129.0,0,2,3,1,3,5.79218,0,0,2016-01-20
1818,1819,120.0,0,3,3,1,3,5.79218,0,0,2016-01-21
1819,1820,168.0,0,4,4,1,3,5.79218,0,0,2016-01-22
1820,1821,197.0,1,5,4,1,3,5.7915883,0,0,2016-01-23
1821,1822,198.0,1,6,4,1,3,5.7915883,0,0,2016-01-24
1822,1823,132.0,0,0,4,1,4,5.7915883,0,0,2016-01-25
1823,1824,115.0,0,1,4,1,4,5.7915883,0,0,2016-01-26
1824,1825,126.0,0,2,4,1,4,5.7915883,0,0,2016-01-27
1825,1826,115.0,0,3,4,1,4,5.7915883,0,0,2016-01-28
1826,1827,170.0,0,4,5,1,4,5.7915883,0,0,2016-01-29
1827,1828,222.0,1,5,5,1,4,5.7841325,0,0,2016-01-30
1828,1829,177.0,1,6,5,1,4,5.7841325,0,0,2016-01-31
1829,1830,130.0,0,0,1,2,5,5.7841325,2,0,2016-02-01
1830,1831,115.0,0,1,1,2,5,5.7841325,2,0,2016-02-02
1831,1832,130.0,0,2,1,2,5,5.7841325,3,0,2016-02-03
1832,1833,134.0,0,3,1,2,5,5.7841325,1,0,2016-02-04
1833,1834,161.0,0,4,1,2,5,5.7841325,3,0,2016-02-05
1834,1835,229.0,1,5,1,2,5,5.7812614,3,0,2016-02-06
1835,1836,170.0,1,6,1,2,5,5.7812614,2,1,2016-02-07
1836,1837,108.0,0,0,2,2,6,5.7812614,2,0,2016-02-08
1837,1838,153.0,0,1,2,2,6,5.7812614,3,0,2016-02-09
1838,1839,160.0,0,2,2,2,6,5.7812614,1,1,2016-02-10
1839,1840,161.0,0,3,2,2,6,5.7812614,2,0,2016-02-11
1840,1841,141.0,0,4,2,2,6,5.7812614,2,0,2016-02-12
1841,1842,212.0,1,5,2,2,6,5.7812614,1,0,2016-02-13
1842,1843,186.0,1,6,2,2,6,5.7812614,1,1,2016-02-14
1843,1844,129.0,0,0,3,2,7,5.7812614,2,1,2016-02-15
1844,1845,130.0,0,1,3,2,7,5.7812614,0,0,2016-02-16
1845,1846,144.0,0,2,3,2,7,5.7812614,0,1,2016-02-17
1846,1847,129.0,0,3,3,2,7,5.7812614,0,0,2016-02-18
1847,1848,129.0,0,4,3,2,7,5.7812614,0,0,2016-02-19
1848,1849,210.0,1,5,3,2,7,5.7653413,0,0,2016-02-20
1849,1850,209.0,1,6,3,2,7,5.7653413,0,0,2016-02-21
1850,1851,127.0,0,0,4,2,8,5.7653413,0,0,2016-02-22
1851,1852,106.0,0,1,4,2,8,5.7653413,0,0,2016-02-23
1852,1853,147.0,0,2,4,2,8,5.7653413,0,0,2016-02-24
1853,1854,150.0,0,3,4,2,8,5.7653413,0,0,2016-02-25
1854,1855,197.0,0,4,4,2,8,5.7653413,0,0,2016-02-26
1855,1856,236.0,1,5,4,2,8,5.771536,0,0,2016-02-27
1856,1857,207.0,1,6,4,2,8,5.771536,0,0,2016-02-28
1857,1858,155.0,0,0,5,2,9,5.771536,0,0,2016-02-29
1858,1859,96.0,0,1,1,3,9,5.771536,2,0,2016-03-01
1859,1860,149.0,0,2,1,3,9,5.771536,2,0,2016-03-02
1860,1861,123.0,0,3,1,3,9,5.771536,3,0,2016-03-03
1861,1862,194.0,0,4,1,3,9,5.771536,1,0,2016-03-04
1862,1863,213.0,1,5,1,3,9,5.772619,3,0,2016-03-05
1863,1864,235.0,1,6,1,3,9,5.772619,3,0,2016-03-06
1864,1865,120.0,0,0,1,3,10,5.772619,2,0,2016-03-07
1865,1866,119.0,0,1,2,3,10,5.772619,2,0,2016-03-08
1866,1867,122.0,0,2,2,3,10,5.772619,3,0,2016-03-09
1867,1868,133.0,0,3,2,3,10,5.772619,1,0,2016-03-10
1868,1869,186.0,0,4,2,3,10,5.772619,2,0,2016-03-11
1869,1870,220.0,1,5,2,3,10,5.779902,2,0,2016-03-12
1870,1871,216.0,1,6,2,3,10,5.779902,1,0,2016-03-13
1871,1872,160.0,0,0,2,3,11,5.779902,1,0,2016-03-14
1872,1873,150.0,0,1,3,3,11,5.779902,2,0,2016-03-15
1873,1874,103.0,0,2,3,3,11,5.779902,0,0,2016-03-16
1874,1875,146.0,0,3,3,3,11,5.779902,0,1,2016-03-17
1875,1876,149.0,0,4,3,3,11,5.779902,0,0,2016-03-18
1876,1877,228.0,1,5,3,3,11,5.7798257,0,0,2016-03-19
1877,1878,210.0,1,6,3,3,11,5.7798257,0,0,2016-03-20
1878,1879,161.0,0,0,3,3,12,5.7798257,0,0,2016-03-21
1879,1880,131.0,0,1,4,3,12,5.7798257,0,0,2016-03-22
1880,1881,118.0,0,2,4,3,12,5.7798257,0,0,2016-03-23
1881,1882,125.0,0,3,4,3,12,5.7798257,0,1,2016-03-24
1882,1883,229.0,0,4,4,3,12,5.7798257,0,0,2016-03-25
1883,1884,243.0,1,5,4,3,12,5.767986,0,0,2016-03-26
1884,1885,139.0,1,6,4,3,12,5.767986,0,1,2016-03-27
1885,1886,172.0,0,0,4,3,13,5.767986,0,0,2016-03-28
1886,1887,133.0,0,1,5,3,13,5.767986,0,0,2016-03-29
1887,1888,120.0,0,2,5,3,13,5.767986,0,0,2016-03-30
1888,1889,155.0,0,3,5,3,13,5.767986,0,0,2016-03-31
1889,1890,176.0,0,4,1,4,13,5.767986,2,0,2016-04-01
1890,1891,223.0,1,5,1,4,13,5.767629,2,0,2016-04-02
1891,1892,243.0,1,6,1,4,13,5.767629,3,0,2016-04-03
1892,1893,145.0,0,0,1,4,14,5.767629,1,0,2016-04-04
1893,1894,137.0,0,1,1,4,14,5.767629,3,0,2016-04-05
1894,1895,148.0,0,2,1,4,14,5.767629,3,0,2016-04-06
1895,1896,168.0,0,3,1,4,14,5.767629,2,0,2016-04-07
1896,1897,192.0,0,4,2,4,14,5.767629,2,0,2016-04-08
1897,1898,278.0,1,5,2,4,14,5.7788777,3,0,2016-04-09
1898,1899,210.0,1,6,2,4,14,5.7788777,1,0,2016-04-10
1899,1900,151.0,0,0,2,4,15,5.7788777,2,0,2016-04-11
1900,1901,172.0,0,1,2,4,15,5.7788777,2,0,2016-04-12
1901,1902,128.0,0,2,2,4,15,5.7788777,1,0,2016-04-13
1902,1903,122.0,0,3,2,4,15,5.7788777,1,0,2016-04-14
1903,1904,196.0,0,4,3,4,15,5.7788777,2,0,2016-04-15
1904,1905,225.0,1,5,3,4,15,5.7788777,0,0,2016-04-16
1905,1906,199.0,1,6,3,4,15,5.7788777,0,0,2016-04-17
1906,1907,143.0,0,0,3,4,16,5.7788777,0,0,2016-04-18
1907,1908,131.0,0,1,3,4,16,5.7788777,0,0,2016-04-19
1908,1909,158.0,0,2,3,4,16,5.7788777,0,0,2016-04-20
1909,1910,169.0,0,3,3,4,16,5.7788777,0,0,2016-04-21
1910,1911,192.0,0,4,4,4,16,5.7788777,0,0,2016-04-22
1911,1912,203.0,1,5,4,4,16,5.7788777,0,0,2016-04-23
1912,1913,224.0,1,6,4,4,16,5.7788777,0,0,2016-04-24
1913,1914,136.0,0,0,4,4,17,5.7788777,0,0,2016-04-25
1914,1915,150.0,0,1,4,4,17,5.7788777,0,0,2016-04-26
1915,1916,138.0,0,2,4,4,17,5.7788777,0,0,2016-04-27
1916,1917,130.0,0,3,4,4,17,5.7788777,0,0,2016-04-28
1917,1918,178.0,0,4,5,4,17,5.7788777,0,0,2016-04-29
1918,1919,245.0,1,5,5,4,17,5.7788777,0,1,2016-04-30
1919,1920,201.0,1,6,1,5,17,5.7788777,2,1,2016-05-01
1920,1921,139.0,0,0,1,5,18,5.7788777,2,0,2016-05-02
1921,1922,156.0,0,1,1,5,18,5.7788777,3,0,2016-05-03
1922,1923,138.0,0,2,1,5,18,5.7788777,1,0,2016-05-04
1923,1924,179.0,0,3,1,5,18,5.7788777,3,1,2016-05-05
1924,1925,181.0,0,4,1,5,18,5.7788777,3,0,2016-05-06
1925,1926,245.0,1,5,1,5,18,5.78063,2,0,2016-05-07
1926,1927,168.0,1,6,2,5,18,5.78063,2,1,2016-05-08
1927,1928,183.0,0,0,2,5,19,5.78063,3,0,2016-05-09
1928,1929,124.0,0,1,2,5,19,5.78063,1,0,2016-05-10
1929,1930,177.0,0,2,2,5,19,5.78063,2,0,2016-05-11
1930,1931,164.0,0,3,2,5,19,5.78063,2,0,2016-05-12
1931,1932,154.0,0,4,2,5,19,5.78063,1,0,2016-05-13
1932,1933,233.0,1,5,2,5,19,5.778688,1,0,2016-05-14
1933,1934,235.0,1,6,3,5,19,5.778688,2,0,2016-05-15
1934,1935,140.0,0,0,3,5,20,5.778688,0,0,2016-05-16
1935,1936,164.0,0,1,3,5,20,5.778688,0,0,2016-05-17
1936,1937,138.0,0,2,3,5,20,5.778688,0,0,2016-05-18
1937,1938,175.0,0,3,3,5,20,5.778688,0,0,2016-05-19
1938,1939,180.0,0,4,3,5,20,5.778688,0,0,2016-05-20
1939,1940,250.0,1,5,3,5,20,5.775601,0,0,2016-05-21
1940,1941,246.0,1,6,4,5,20,5.775601,0,0,2016-05-22
1941,1942,0.0,0,0,4,5,21,5.775601,0,0,2016-05-23
1942,1943,0.0,0,1,4,5,21,5.775601,0,0,2016-05-24
1943,1944,0.0,0,2,4,5,21,5.775601,0,0,2016-05-25
1944,1945,0.0,0,3,4,5,21,5.775601,0,0,2016-05-26
1945,1946,0.0,0,4,4,5,21,5.775601,0,0,2016-05-27
1946,1947,0.0,1,5,4,5,21,5.7767463,0,0,2016-05-28
1947,1948,0.0,1,6,5,5,21,5.7767463,0,0,2016-05-29
1948,1949,0.0,0,0,5,5,22,5.7767463,0,1,2016-05-30
1949,1950,0.0,0,1,5,5,22,5.7767463,0,0,2016-05-31
1950,1951,0.0,0,2,1,6,22,5.7767463,2,0,2016-06-01
1951,1952,0.0,0,3,1,6,22,5.7767463,2,1,2016-06-02
1952,1953,0.0,0,4,1,6,22,5.7767463,3,0,2016-06-03
1953,1954,0.0,1,5,1,6,22,5.7767463,1,0,2016-06-04
1954,1955,0.0,1,6,1,6,22,5.7767463,3,0,2016-06-05
1955,1956,0.0,0,0,1,6,23,5.7767463,3,0,2016-06-06
1956,1957,0.0,0,1,1,6,23,5.7767463,2,1,2016-06-07
1957,1958,0.0,0,2,2,6,23,5.7767463,2,0,2016-06-08
1958,1959,0.0,0,3,2,6,23,5.7767463,3,0,2016-06-09
1959,1960,0.0,0,4,2,6,23,5.7767463,1,0,2016-06-10
1960,1961,0.0,1,5,2,6,23,5.7761436,2,0,2016-06-11
1961,1962,0.0,1,6,2,6,23,5.7761436,2,0,2016-06-12
1962,1963,0.0,0,0,2,6,24,5.7761436,1,0,2016-06-13
1963,1964,0.0,0,1,2,6,24,5.7761436,1,0,2016-06-14
1964,1965,0.0,0,2,3,6,24,5.7761436,2,0,2016-06-15
1965,1966,0.0,0,3,3,6,24,5.7761436,0,0,2016-06-16
1966,1967,0.0,0,4,3,6,24,5.7761436,0,0,2016-06-17
1967,1968,0.0,1,5,3,6,24,5.7755594,0,0,2016-06-18
1968,1969,0.0,1,6,3,6,24,5.7755594,0,2,2016-06-19
